[WB6\ReadOnlyComboBox.tga]
ReimportWhenNeeded=1
SourceFile=C:\Program Files\Stardock\Object Desktop\WindowBlinds\WB6\ReadOnlyComboBox.tga
Name=ReadOnlyComboBox
ext=TGA
LastEdit1=29864371
LastEdit2=3258795729
[WB6\list_view_header_drop_down.bmp]
ReimportWhenNeeded=1
SourceFile=C:\Program Files\Stardock\Object Desktop\WindowBlinds\WB6\list_view_header_drop_down.bmp
Name=list_view_header_drop_down
ext=BMP
LastEdit1=29869472
LastEdit2=399181038
[WB6\ReadOnlyComboBox.bmp]
ReimportWhenNeeded=1
SourceFile=C:\Program Files\Stardock\Object Desktop\WindowBlinds\WB6\ReadOnlyComboBox.bmp
Name=ReadOnlyComboBox
ext=BMP
LastEdit1=29869472
LastEdit2=399181038
[WB6\ListViewHeaderDropDownArrow.tga]
ReimportWhenNeeded=1
SourceFile=C:\Program Files\Stardock\Object Desktop\WindowBlinds\WB6\ListViewHeaderDropDownArrow.tga
Name=ListViewHeaderDropDownArrow
ext=TGA
LastEdit1=29869472
LastEdit2=399181038
[time line\combobox border ,.bmp]
ReimportWhenNeeded=1
SourceFile=C:\Users\madcat21\Pictures\new black wb\combobox border ,.bmp
Name=combobox border ,
ext=BMP
LastEdit1=30054992
LastEdit2=393421475
[time line\combobox button,.tga]
ReimportWhenNeeded=1
SourceFile=C:\Users\madcat21\Pictures\new black wb\combobox button,.png
Name=combobox button,
ext=PNG
LastEdit1=30054975
LastEdit2=1774348304
[time line\combobox button arrow glyph,.tga]
ReimportWhenNeeded=1
SourceFile=C:\Users\madcat21\Pictures\new black wb\combobox button arrow glyph,.png
Name=combobox button arrow glyph,
ext=PNG
LastEdit1=30054975
LastEdit2=3179968701
[time line\sizeing grip.bmp]
ReimportWhenNeeded=1
SourceFile=C:\Users\madcat21\Pictures\new black wb\sizeing grip.bmp
Name=sizeing grip
ext=BMP
LastEdit1=30054976
LastEdit2=3220649390
[time line\statusbar..bmp]
ReimportWhenNeeded=1
SourceFile=C:\Users\madcat21\Pictures\new black wb\statusbar..bmp
Name=statusbar.
ext=BMP
LastEdit1=30054992
LastEdit2=1974921932
[TIME LINE\active back time.tga]
ReimportWhenNeeded=1
SourceFile=C:\Users\madcat21\Pictures\new black wb\active back time.png
Name=active back time
ext=PNG
LastEdit1=30054982
LastEdit2=537926119
[time line\taskdialogbuttons.tga]
ReimportWhenNeeded=1
SourceFile=C:\Users\Public\Documents\Stardock\WindowBlinds\TIME LINE\TempPngs\taskdialogbuttons.tga.PNG
ext=PNG
Name=taskdialogbuttons
LastEdit1=30054984
LastEdit2=4074855144
[TIME LINE\taskdialogbuttons.tga.tga]
ReimportWhenNeeded=1
SourceFile=C:\Users\madcat21\Pictures\new black wb\taskdialogbuttons.tga.png
Name=taskdialogbuttons.tga
ext=PNG
LastEdit1=30054986
LastEdit2=251133164
[TIME LINE\taskdilog expan button.tga]
ReimportWhenNeeded=1
SourceFile=C:\Users\madcat21\Pictures\new black wb\taskdilog expan button.png
Name=taskdilog expan button
ext=PNG
LastEdit1=30054984
LastEdit2=3042406092
[time line\taskdialogbuttonarrows.tga]
ReimportWhenNeeded=1
SourceFile=C:\Users\Public\Documents\Stardock\WindowBlinds\TIME LINE\TempPngs\taskdialogbuttonarrows.tga.PNG
ext=PNG
Name=taskdialogbuttonarrows
LastEdit1=30054986
LastEdit2=1044568546
[TIME LINE\taskdialogbuttonarrows.tga.tga]
ReimportWhenNeeded=1
SourceFile=C:\Users\madcat21\Pictures\new black wb\taskdialogbuttonarrows.tga.png
Name=taskdialogbuttonarrows.tga
ext=PNG
LastEdit1=30054986
LastEdit2=4243561518
[TIME LINE\expinfo back.bmp]
ReimportWhenNeeded=1
SourceFile=C:\Users\madcat21\Pictures\new black wb\expinfo back.bmp
Name=expinfo back
ext=BMP
LastEdit1=30055167
LastEdit2=2050032297
[time line\explorerglassbackground.tga]
ReimportWhenNeeded=1
SourceFile=C:\Users\Public\Documents\Stardock\WindowBlinds\TIME LINE\TempPngs\explorerglassbackground.tga.PNG
ext=PNG
Name=explorerglassbackground
LastEdit1=30054987
LastEdit2=3924141610
[TIME LINE\explorerglassbackground.tga.tga]
ReimportWhenNeeded=1
SourceFile=C:\Users\madcat21\Pictures\new black wb\explorerglassbackground.tga.png
Name=explorerglassbackground.tga
ext=PNG
LastEdit1=30054988
LastEdit2=347745414
[time line\explorerlist.tga]
ReimportWhenNeeded=1
SourceFile=C:\Users\Public\Documents\Stardock\WindowBlinds\TIME LINE\TempPngs\explorerlist.tga.PNG
ext=PNG
Name=explorerlist
LastEdit1=30054988
LastEdit2=875435596
[TIME LINE\explorerlist.tga.tga]
ReimportWhenNeeded=1
SourceFile=C:\Users\madcat21\Pictures\new black wb\explorerlist.tga.png
Name=explorerlist.tga
ext=PNG
LastEdit1=30055142
LastEdit2=2814366963
[TIME LINE\sidebar 1.bmp]
ReimportWhenNeeded=1
SourceFile=C:\Users\madcat21\Pictures\new black wb\sidebar 1.bmp
Name=sidebar 1
ext=BMP
LastEdit1=30054983
LastEdit2=1317499070
[time line\tabs.tga]
ReimportWhenNeeded=1
SourceFile=C:\Users\Public\Documents\Stardock\WindowBlinds\TIME LINE\TempPngs\tabs.tga.PNG
ext=PNG
Name=tabs
LastEdit1=30054990
LastEdit2=1617374757
[TIME LINE\tabs.tga.tga]
ReimportWhenNeeded=1
SourceFile=C:\Users\madcat21\Pictures\new black wb\tabs.tga.png
Name=tabs.tga
ext=PNG
LastEdit1=30054990
LastEdit2=3577416865
[time line\buttons.tga]
ReimportWhenNeeded=1
SourceFile=C:\Users\Public\Documents\Stardock\WindowBlinds\TIME LINE\TempPngs\buttons.tga.PNG
ext=PNG
Name=buttons
LastEdit1=30055125
LastEdit2=3698805394
[TIME LINE\buttons.tga.tga]
ReimportWhenNeeded=1
SourceFile=C:\Users\madcat21\Pictures\new black wb\buttons.tga.png
Name=buttons.tga
ext=PNG
LastEdit1=30055127
LastEdit2=642167289
[TIME LINE\radio  time.tga]
ReimportWhenNeeded=1
SourceFile=C:\Users\madcat21\Pictures\new black wb\radio  time.png
Name=radio  time
ext=PNG
LastEdit1=30055138
LastEdit2=3859233277
[TIME LINE\check box time.tga]
ReimportWhenNeeded=1
SourceFile=C:\Users\madcat21\Pictures\new black wb\check box time.png
Name=check box time
ext=PNG
LastEdit1=30055140
LastEdit2=3980566941
[time line\toolbar_buttons_vst.tga]
ReimportWhenNeeded=1
SourceFile=C:\Users\Public\Documents\Stardock\WindowBlinds\TIME LINE\TempPngs\toolbar_buttons_vst.tga.PNG
ext=PNG
Name=toolbar_buttons_vst
LastEdit1=30055144
LastEdit2=753725825
[TIME LINE\toolbar_buttons_vst.tga.tga]
ReimportWhenNeeded=1
SourceFile=C:\Users\madcat21\Pictures\new black wb\toolbar_buttons_vst.tga.png
Name=toolbar_buttons_vst.tga
ext=PNG
LastEdit1=30055145
LastEdit2=1027079822
[TIME LINE\address time.tga]
ReimportWhenNeeded=1
SourceFile=C:\Users\madcat21\Pictures\new black wb\address time.png
Name=address time
ext=PNG
LastEdit1=30055147
LastEdit2=1868224657
[time line\listviewheaderdropdownarrow.tga]
ReimportWhenNeeded=1
SourceFile=C:\Users\Public\Documents\Stardock\WindowBlinds\TIME LINE\TempPngs\listviewheaderdropdownarrow.tga.PNG
ext=PNG
Name=listviewheaderdropdownarrow
LastEdit1=30055150
LastEdit2=915935275
[TIME LINE\listviewheaderdropdownarrow.tga.tga]
ReimportWhenNeeded=1
SourceFile=C:\Users\madcat21\Pictures\new black wb\listviewheaderdropdownarrow.tga.png
Name=listviewheaderdropdownarrow.tga
ext=PNG
LastEdit1=30055150
LastEdit2=1786965095
[TIME LINE\scrollbar arrow time.bmp]
ReimportWhenNeeded=1
SourceFile=C:\Users\madcat21\Pictures\new black wb\scrollbar arrow time.bmp
Name=scrollbar arrow time
ext=BMP
LastEdit1=30055153
LastEdit2=2857971440
[TIME LINE\scrollbar back time h.tga]
ReimportWhenNeeded=1
SourceFile=C:\Users\madcat21\Pictures\new black wb\scrollbar back time h.png
Name=scrollbar back time h
ext=PNG
LastEdit1=30055158
LastEdit2=1225969905
[TIME LINE\scrollbar back time v.tga]
ReimportWhenNeeded=1
SourceFile=C:\Users\madcat21\Pictures\new black wb\scrollbar back time v.png
Name=scrollbar back time v
ext=PNG
LastEdit1=30055158
LastEdit2=209281754
[TIME LINE\scrollbar time h.tga]
ReimportWhenNeeded=1
SourceFile=C:\Users\madcat21\Pictures\new black wb\scrollbar time h.png
Name=scrollbar time h
ext=PNG
LastEdit1=30055160
LastEdit2=2317159041
[TIME LINE\scrollbar time v.tga]
ReimportWhenNeeded=1
SourceFile=C:\Users\madcat21\Pictures\new black wb\scrollbar time v.png
Name=scrollbar time v
ext=PNG
LastEdit1=30055161
LastEdit2=130762349
[TIME LINE\arrows glyph time.tga]
ReimportWhenNeeded=1
SourceFile=C:\Users\madcat21\Pictures\new black wb\arrows glyph time.png
Name=arrows glyph time
ext=PNG
LastEdit1=30055164
LastEdit2=1388609380
[TIME LINE\frame top time.tga]
ReimportWhenNeeded=1
SourceFile=C:\Users\madcat21\Pictures\new black wb\frame top time.png
Name=frame top time
ext=PNG
LastEdit1=30055201
LastEdit2=3632066269
[TIME LINE\frame left time.tga]
ReimportWhenNeeded=1
SourceFile=C:\Users\madcat21\Pictures\new black wb\frame left time.png
Name=frame left time
ext=PNG
LastEdit1=30055192
LastEdit2=3172394718
[TIME LINE\frame right time.tga]
ReimportWhenNeeded=1
SourceFile=C:\Users\madcat21\Pictures\new black wb\frame right time.png
Name=frame right time
ext=PNG
LastEdit1=30055192
LastEdit2=2457623836
[TIME LINE\frame bottom time.tga]
ReimportWhenNeeded=1
SourceFile=C:\Users\madcat21\Pictures\new black wb\frame bottom time.png
Name=frame bottom time
ext=PNG
LastEdit1=30055365
LastEdit2=2911731839
[TIME LINE\close button time.tga]
ReimportWhenNeeded=1
SourceFile=C:\Users\madcat21\Pictures\new black wb\close button time.png
Name=close button time
ext=PNG
LastEdit1=30055190
LastEdit2=611441516
[TIME LINE\min button time.tga]
ReimportWhenNeeded=1
SourceFile=C:\Users\madcat21\Pictures\new black wb\min button time.png
Name=min button time
ext=PNG
LastEdit1=30055189
LastEdit2=500416804
[TIME LINE\close button single time.tga]
ReimportWhenNeeded=1
SourceFile=C:\Users\madcat21\Pictures\new black wb\close button single time.png
Name=close button single time
ext=PNG
LastEdit1=30055203
LastEdit2=3341136353
[TIME LINE\taskbar time.tga]
ReimportWhenNeeded=1
SourceFile=C:\Users\madcat21\Pictures\new black wb\taskbar time.png
Name=taskbar time
ext=PNG
LastEdit1=30055205
LastEdit2=3250907916
[TIME LINE\start button time.tga]
ReimportWhenNeeded=1
SourceFile=C:\Users\madcat21\Pictures\new black wb\start button time.png
Name=start button time
ext=PNG
LastEdit1=30055206
LastEdit2=3261666894
[TIME LINE\nav arrow back time.tga]
ReimportWhenNeeded=1
SourceFile=C:\Users\madcat21\Pictures\new black wb\nav arrow back time.png
Name=nav arrow back time
ext=PNG
LastEdit1=30055305
LastEdit2=3910647634
[TIME LINE\nav arrow glow time.tga]
ReimportWhenNeeded=1
SourceFile=C:\Users\madcat21\Pictures\new black wb\nav arrow glow time.png
Name=nav arrow glow time
ext=PNG
LastEdit1=30055304
LastEdit2=1191003717
[TIME LINE\nav arrow norm time.tga]
ReimportWhenNeeded=1
SourceFile=C:\Users\madcat21\Pictures\new black wb\nav arrow norm time.png
Name=nav arrow norm time
ext=PNG
LastEdit1=30055306
LastEdit2=2057229987
[TIME LINE\sp top time.tga]
ReimportWhenNeeded=1
SourceFile=C:\Users\madcat21\Pictures\new black wb\sp top time.png
Name=sp top time
ext=PNG
LastEdit1=30055313
LastEdit2=430115456
[TIME LINE\sp left time.tga]
ReimportWhenNeeded=1
SourceFile=C:\Users\madcat21\Pictures\new black wb\sp left time.png
Name=sp left time
ext=PNG
LastEdit1=30055313
LastEdit2=1278854001
[TIME LINE\sp right time.tga]
ReimportWhenNeeded=1
SourceFile=C:\Users\madcat21\Pictures\new black wb\sp right time.png
Name=sp right time
ext=PNG
LastEdit1=30055313
LastEdit2=3290079036
[TIME LINE\sp prog time.tga]
ReimportWhenNeeded=1
SourceFile=C:\Users\madcat21\Pictures\new black wb\sp prog time.png
Name=sp prog time
ext=PNG
LastEdit1=30055313
LastEdit2=2778059750
[TIME LINE\sp bottom time.tga]
ReimportWhenNeeded=1
SourceFile=C:\Users\madcat21\Pictures\new black wb\sp bottom time.png
Name=sp bottom time
ext=PNG
LastEdit1=30055357
LastEdit2=1594399980
[TIME LINE\taskbar time 2.tga]
ReimportWhenNeeded=1
SourceFile=C:\Users\madcat21\Pictures\new black wb\taskbar time 2.png
Name=taskbar time 2
ext=PNG
LastEdit1=30055322
LastEdit2=893257204
[TIME LINE\spacer time.tga]
ReimportWhenNeeded=1
SourceFile=C:\Users\madcat21\Pictures\new black wb\spacer time.png
Name=spacer time
ext=PNG
LastEdit1=30055319
LastEdit2=1606502914
[TIME LINE\logoff win7 norm.tga]
ReimportWhenNeeded=1
SourceFile=C:\Users\madcat21\Pictures\new black wb\logoff win7 norm.png
Name=logoff win7 norm
ext=PNG
LastEdit1=30055342
LastEdit2=3452520828
[TIME LINE\logoff win7 glow.tga]
ReimportWhenNeeded=1
SourceFile=C:\Users\madcat21\Pictures\new black wb\logoff win7 glow.png
Name=logoff win7 glow
ext=PNG
LastEdit1=30055343
LastEdit2=234245115
[TIME LINE\logoff vista nonmal time.tga]
ReimportWhenNeeded=1
SourceFile=C:\Users\madcat21\Pictures\new black wb\logoff vista nonmal time.png
Name=logoff vista nonmal time
ext=PNG
LastEdit1=30055343
LastEdit2=4128217837
[TIME LINE\logoff vista glow time.tga]
ReimportWhenNeeded=1
SourceFile=C:\Users\madcat21\Pictures\new black wb\logoff vista glow time.png
Name=logoff vista glow time
ext=PNG
LastEdit1=30055343
LastEdit2=2725907630
[TIME LINE\logoff win7 time 3.tga]
ReimportWhenNeeded=1
SourceFile=C:\Users\madcat21\Pictures\new black wb\logoff win7 time 3.png
Name=logoff win7 time 3
ext=PNG
LastEdit1=30055345
LastEdit2=1064409322
[TIME LINE\logoff arrow time.tga]
ReimportWhenNeeded=1
SourceFile=C:\Users\madcat21\Pictures\new black wb\logoff arrow time.png
Name=logoff arrow time
ext=PNG
LastEdit1=30055351
LastEdit2=1547087102
[time line\sp_item.tga]
ReimportWhenNeeded=1
SourceFile=C:\Users\Public\Documents\Stardock\WindowBlinds\TIME LINE\TempPngs\sp_item.tga.PNG
ext=PNG
Name=sp_item
LastEdit1=30055354
LastEdit2=3583128643
[TIME LINE\sp_item.tga.tga]
ReimportWhenNeeded=1
SourceFile=C:\Users\madcat21\Pictures\new black wb\sp_item.tga.png
Name=sp_item.tga
ext=PNG
LastEdit1=30055355
LastEdit2=523081980
[TIME LINE\sp prog time 2.tga]
ReimportWhenNeeded=1
SourceFile=C:\Users\madcat21\Pictures\new black wb\sp prog time 2.png
Name=sp prog time 2
ext=PNG
LastEdit1=30055358
LastEdit2=2193272596
[TIME LINE\taskbar buttons time.tga]
ReimportWhenNeeded=1
SourceFile=C:\Users\madcat21\Pictures\new black wb\taskbar buttons time.png
Name=taskbar buttons time
ext=PNG
LastEdit1=30055369
LastEdit2=2204594841
[time line\menu_item.tga]
ReimportWhenNeeded=1
SourceFile=C:\Users\Public\Documents\Stardock\WindowBlinds\TIME LINE\TempPngs\menu_item.tga.PNG
ext=PNG
Name=menu_item
LastEdit1=30055375
LastEdit2=3544381645
[TIME LINE\menu_item.tga.tga]
ReimportWhenNeeded=1
SourceFile=C:\Users\madcat21\Pictures\new black wb\menu_item.tga.png
Name=menu_item.tga
ext=PNG
LastEdit1=30055377
LastEdit2=1979848883
[time line\menu_bar_button.tga]
ReimportWhenNeeded=1
SourceFile=C:\Users\Public\Documents\Stardock\WindowBlinds\TIME LINE\TempPngs\menu_bar_button.tga.PNG
ext=PNG
Name=menu_bar_button
LastEdit1=30055378
LastEdit2=1641487892
[TIME LINE\menu_bar_button.tga.tga]
ReimportWhenNeeded=1
SourceFile=C:\Users\madcat21\Pictures\new black wb\menu_bar_button.tga.png
Name=menu_bar_button.tga
ext=PNG
LastEdit1=30055378
LastEdit2=2750771340
[TIME LINE\mdi_buttons.bmp]
ReimportWhenNeeded=1
SourceFile=C:\Users\madcat21\Pictures\new black wb\mdi_buttons.bmp
Name=mdi_buttons
ext=BMP
LastEdit1=30055379
LastEdit2=154521205
[time line\toolbar_but.tga]
ReimportWhenNeeded=1
SourceFile=C:\Users\Public\Documents\Stardock\WindowBlinds\TIME LINE\TempPngs\toolbar_but.tga.PNG
ext=PNG
Name=toolbar_but
LastEdit1=30055380
LastEdit2=1950102268
[TIME LINE\toolbar_but.tga.tga]
ReimportWhenNeeded=1
SourceFile=C:\Users\madcat21\Pictures\new black wb\toolbar_but.tga.png
Name=toolbar_but.tga
ext=PNG
LastEdit1=30055380
LastEdit2=3459598606
[time line\file_dialog_buttons.tga]
ReimportWhenNeeded=1
SourceFile=C:\Users\Public\Documents\Stardock\WindowBlinds\TIME LINE\TempPngs\file_dialog_buttons.tga.PNG
ext=PNG
Name=file_dialog_buttons
LastEdit1=30055380
LastEdit2=3937035914
[TIME LINE\file_dialog_buttons.tga.tga]
ReimportWhenNeeded=1
SourceFile=C:\Users\madcat21\Pictures\new black wb\file_dialog_buttons.tga.png
Name=file_dialog_buttons.tga
ext=PNG
LastEdit1=30055381
LastEdit2=1097271851
[time line\track_button_left.tga]
ReimportWhenNeeded=1
SourceFile=C:\Users\Public\Documents\Stardock\WindowBlinds\TIME LINE\TempPngs\track_button_left.tga.PNG
ext=PNG
Name=track_button_left
LastEdit1=30055381
LastEdit2=2893444586
[TIME LINE\track_button_left.tga.tga]
ReimportWhenNeeded=1
SourceFile=C:\Users\madcat21\Pictures\new black wb\track_button_left.tga.png
Name=track_button_left.tga
ext=PNG
LastEdit1=30055382
LastEdit2=78591948
[time line\track_button_right.tga]
ReimportWhenNeeded=1
SourceFile=C:\Users\Public\Documents\Stardock\WindowBlinds\TIME LINE\TempPngs\track_button_right.tga.PNG
ext=PNG
Name=track_button_right
LastEdit1=30055382
LastEdit2=324185995
[TIME LINE\track_button_right.tga.tga]
ReimportWhenNeeded=1
SourceFile=C:\Users\madcat21\Pictures\new black wb\track_button_right.tga.png
Name=track_button_right.tga
ext=PNG
LastEdit1=30055382
LastEdit2=724388885
[time line\track_button_up.tga]
ReimportWhenNeeded=1
SourceFile=C:\Users\Public\Documents\Stardock\WindowBlinds\TIME LINE\TempPngs\track_button_up.tga.PNG
ext=PNG
Name=track_button_up
LastEdit1=30055382
LastEdit2=981053566
[TIME LINE\track_button_up.tga.tga]
ReimportWhenNeeded=1
SourceFile=C:\Users\madcat21\Pictures\new black wb\track_button_up.tga.png
Name=track_button_up.tga
ext=PNG
LastEdit1=30055382
LastEdit2=1345024384
[time line\track_button_down.tga]
ReimportWhenNeeded=1
SourceFile=C:\Users\Public\Documents\Stardock\WindowBlinds\TIME LINE\TempPngs\track_button_down.tga.PNG
ext=PNG
Name=track_button_down
LastEdit1=30055382
LastEdit2=1537265379
[TIME LINE\track_button_down.tga.tga]
ReimportWhenNeeded=1
SourceFile=C:\Users\madcat21\Pictures\new black wb\track_button_down.tga.png
Name=track_button_down.tga
ext=PNG
LastEdit1=30055382
LastEdit2=1969770117
[time line\track_button_middle.tga]
ReimportWhenNeeded=1
SourceFile=C:\Users\Public\Documents\Stardock\WindowBlinds\TIME LINE\TempPngs\track_button_middle.tga.PNG
ext=PNG
Name=track_button_middle
LastEdit1=30055382
LastEdit2=2154540685
[TIME LINE\track_button_middle.tga.tga]
ReimportWhenNeeded=1
SourceFile=C:\Users\madcat21\Pictures\new black wb\track_button_middle.tga.png
Name=track_button_middle.tga
ext=PNG
LastEdit1=30055382
LastEdit2=2483779517
[time line\track_button_center.tga]
ReimportWhenNeeded=1
SourceFile=C:\Users\Public\Documents\Stardock\WindowBlinds\TIME LINE\TempPngs\track_button_center.tga.PNG
ext=PNG
Name=track_button_center
LastEdit1=30055382
LastEdit2=2682240868
[TIME LINE\track_button_center.tga.tga]
ReimportWhenNeeded=1
SourceFile=C:\Users\madcat21\Pictures\new black wb\track_button_center.tga.png
Name=track_button_center.tga
ext=PNG
LastEdit1=30055382
LastEdit2=2997128879
[TIME LINE\tree_view.tga]
ReimportWhenNeeded=1
SourceFile=C:\Users\madcat21\Pictures\new black wb\tree_view.png
Name=tree_view
ext=PNG
LastEdit1=30055383
LastEdit2=176685921
[TIME LINE\flashing button time.tga]
ReimportWhenNeeded=1
SourceFile=C:\Users\madcat21\Pictures\new black wb\flashing button time.png
Name=flashing button time
ext=PNG
LastEdit1=30055384
LastEdit2=4234026349
[time line\quick_launch_button.tga]
ReimportWhenNeeded=1
SourceFile=C:\Users\Public\Documents\Stardock\WindowBlinds\TIME LINE\TempPngs\quick_launch_button.tga.PNG
ext=PNG
Name=quick_launch_button
LastEdit1=30055385
LastEdit2=1195140897
[TIME LINE\quick_launch_button.tga.tga]
ReimportWhenNeeded=1
SourceFile=C:\Users\madcat21\Pictures\new black wb\quick_launch_button.tga.png
Name=quick_launch_button.tga
ext=PNG
LastEdit1=30055385
LastEdit2=2597501108
[time line\tray_arrow_h.tga]
ReimportWhenNeeded=1
SourceFile=C:\Users\Public\Documents\Stardock\WindowBlinds\TIME LINE\TempPngs\tray_arrow_h.tga.PNG
ext=PNG
Name=tray_arrow_h
LastEdit1=30055385
LastEdit2=2961751942
[TIME LINE\tray arrow time.tga]
ReimportWhenNeeded=1
SourceFile=C:\Users\madcat21\Pictures\new black wb\tray arrow time.png
Name=tray arrow time
ext=PNG
LastEdit1=30055386
LastEdit2=3983148724
[time line\tray_h.tga]
ReimportWhenNeeded=1
SourceFile=C:\Users\Public\Documents\Stardock\WindowBlinds\TIME LINE\TempPngs\tray_h.tga.PNG
ext=PNG
Name=tray_h
LastEdit1=30055387
LastEdit2=977685184
[TIME LINE\tray time.tga]
ReimportWhenNeeded=1
SourceFile=C:\Users\madcat21\Pictures\new black wb\tray time.png
Name=tray time
ext=PNG
LastEdit1=30055387
LastEdit2=3464957447
[time line\taskbar_gripper_h.tga]
ReimportWhenNeeded=1
SourceFile=C:\Users\Public\Documents\Stardock\WindowBlinds\TIME LINE\TempPngs\taskbar_gripper_h.tga.PNG
ext=PNG
Name=taskbar_gripper_h
LastEdit1=30055388
LastEdit2=2328600814
[TIME LINE\taskbar_gripper_h.tga.tga]
ReimportWhenNeeded=1
SourceFile=C:\Users\madcat21\Pictures\new black wb\taskbar_gripper_h.tga.png
Name=taskbar_gripper_h.tga
ext=PNG
LastEdit1=30055388
LastEdit2=2868351686
[time line\more_progs_menu_iten.tga]
ReimportWhenNeeded=1
SourceFile=C:\Users\Public\Documents\Stardock\WindowBlinds\TIME LINE\TempPngs\more_progs_menu_iten.tga.PNG
ext=PNG
Name=more_progs_menu_iten
LastEdit1=30055389
LastEdit2=489703997
[TIME LINE\more_progs_menu_iten.tga.tga]
ReimportWhenNeeded=1
SourceFile=C:\Users\madcat21\Pictures\new black wb\more_progs_menu_iten.tga.png
Name=more_progs_menu_iten.tga
ext=PNG
LastEdit1=30055389
LastEdit2=1734845215
[TIME LINE\search icons time.tga]
ReimportWhenNeeded=1
SourceFile=C:\Users\madcat21\Pictures\new black wb\search icons time.png
Name=search icons time
ext=PNG
LastEdit1=30055396
LastEdit2=4159982459
[TIME LINE\navigation icons time.tga]
ReimportWhenNeeded=1
SourceFile=C:\Users\madcat21\Pictures\new black wb\navigation icons time.png
Name=navigation icons time
ext=PNG
LastEdit1=30055396
LastEdit2=485762306
[TIME LINE\small icons time.tga]
ReimportWhenNeeded=1
SourceFile=C:\Users\madcat21\Pictures\new black wb\small icons time.png
Name=small icons time
ext=PNG
LastEdit1=30055399
LastEdit2=3722512524
[TIME LINE\large icons time.tga]
ReimportWhenNeeded=1
SourceFile=C:\Users\madcat21\Pictures\new black wb\large icons time.png
Name=large icons time
ext=PNG
LastEdit1=30055401
LastEdit2=2832578346
[time line\sp_all_progs_arrow.tga]
ReimportWhenNeeded=1
SourceFile=C:\Users\Public\Documents\Stardock\WindowBlinds\TIME LINE\TempPngs\sp_all_progs_arrow.tga.PNG
ext=PNG
Name=sp_all_progs_arrow
LastEdit1=30055402
LastEdit2=3157555296
[TIME LINE\arrow programs time.tga]
ReimportWhenNeeded=1
SourceFile=C:\Users\madcat21\Pictures\new black wb\arrow programs time.png
Name=arrow programs time
ext=PNG
LastEdit1=30055403
LastEdit2=2452353323
[time line\ie tabs.tga]
ReimportWhenNeeded=1
SourceFile=C:\Users\Public\Documents\Stardock\WindowBlinds\TIME LINE\TempPngs\ie tabs.tga.PNG
ext=PNG
Name=ie tabs
LastEdit1=30055502
LastEdit2=207754625
[TIME LINE\ie tabs.tga.tga]
ReimportWhenNeeded=1
SourceFile=C:\Users\madcat21\Pictures\new black wb\ie tabs.tga.png
Name=ie tabs.tga
ext=PNG
LastEdit1=30055502
LastEdit2=2696226957
[time line\ie tab close.tga]
ReimportWhenNeeded=1
SourceFile=C:\Users\Public\Documents\Stardock\WindowBlinds\TIME LINE\TempPngs\ie tab close.tga.PNG
ext=PNG
Name=ie tab close
LastEdit1=30055503
LastEdit2=3684691856
[TIME LINE\ie tab close.tga.tga]
ReimportWhenNeeded=1
SourceFile=C:\Users\madcat21\Pictures\new black wb\ie tab close.tga.png
Name=ie tab close.tga
ext=PNG
LastEdit1=30055504
LastEdit2=3640737704
[time line\dragrect.tga]
ReimportWhenNeeded=1
SourceFile=C:\Users\Public\Documents\Stardock\WindowBlinds\TIME LINE\TempPngs\dragrect.tga.PNG
ext=PNG
Name=dragrect
LastEdit1=30055529
LastEdit2=874048511
[TIME LINE\dragrect.tga.tga]
ReimportWhenNeeded=1
SourceFile=C:\Users\madcat21\Pictures\new black wb\dragrect.tga.png
Name=dragrect.tga
ext=PNG
LastEdit1=30055529
LastEdit2=2192593927
[time line\dragicon.tga]
ReimportWhenNeeded=1
SourceFile=C:\Users\Public\Documents\Stardock\WindowBlinds\TIME LINE\TempPngs\dragicon.tga.PNG
ext=PNG
Name=dragicon
LastEdit1=30055529
LastEdit2=2455548967
[TIME LINE\dragicon.tga.tga]
ReimportWhenNeeded=1
SourceFile=C:\Users\madcat21\Pictures\new black wb\dragicon.tga.png
Name=dragicon.tga
ext=PNG
LastEdit1=30055529
LastEdit2=3341799658
[time line\alttab.tga]
ReimportWhenNeeded=1
SourceFile=C:\Users\Public\Documents\Stardock\WindowBlinds\TIME LINE\TempPngs\alttab.tga.PNG
ext=PNG
Name=alttab
LastEdit1=30055529
LastEdit2=3572442850
[TIME LINE\alttab.tga.tga]
ReimportWhenNeeded=1
SourceFile=C:\Users\madcat21\Pictures\new black wb\alttab.tga.png
Name=alttab.tga
ext=PNG
LastEdit1=30055530
LastEdit2=754570039
[time line\down.tga]
ReimportWhenNeeded=1
SourceFile=C:\Users\Public\Documents\Stardock\WindowBlinds\TIME LINE\TempPngs\down.tga.PNG
ext=PNG
Name=down
LastEdit1=30055530
LastEdit2=949671198
[TIME LINE\down.tga.tga]
ReimportWhenNeeded=1
SourceFile=C:\Users\madcat21\Pictures\new black wb\down.tga.png
Name=down.tga
ext=PNG
LastEdit1=30055530
LastEdit2=2713502083
[time line\left arrow.tga]
ReimportWhenNeeded=1
SourceFile=C:\Users\Public\Documents\Stardock\WindowBlinds\TIME LINE\TempPngs\left arrow.tga.PNG
ext=PNG
Name=left arrow
LastEdit1=30055530
LastEdit2=2912423461
[time line\right arrow.tga]
ReimportWhenNeeded=1
SourceFile=C:\Users\Public\Documents\Stardock\WindowBlinds\TIME LINE\TempPngs\right arrow.tga.PNG
ext=PNG
Name=right arrow
LastEdit1=30055531
LastEdit2=1007102845
[TIME LINE\right arrow.tga.tga]
ReimportWhenNeeded=1
SourceFile=C:\Users\madcat21\Pictures\new black wb\right arrow.tga.png
Name=right arrow.tga
ext=PNG
LastEdit1=30055531
LastEdit2=1398865252
[TIME LINE\left arrow.tga.tga]
ReimportWhenNeeded=1
SourceFile=C:\Users\madcat21\Pictures\new black wb\left arrow.tga.png
Name=left arrow.tga
ext=PNG
LastEdit1=30055531
LastEdit2=814021801
[TIME LINE\loading time line.tga]
ReimportWhenNeeded=1
SourceFile=C:\Users\madcat21\Pictures\new black wb\loading time line.png
Name=loading time line
ext=PNG
LastEdit1=30055545
LastEdit2=4268646464
[time line os\w_caption_but_close.tga]
ReimportWhenNeeded=1
SourceFile=C:\Users\Public\Documents\Stardock\WindowBlinds\TIME LINE OS\TempPngs\w_caption_but_close.tga.PNG
ext=PNG
Name=w_caption_but_close
LastEdit1=30055600
LastEdit2=309060858
[TIME LINE OS\w_caption_but_close.tga.tga]
ReimportWhenNeeded=1
SourceFile=C:\Users\madcat21\Pictures\new black wb\w_caption_but_close.tga.png
Name=w_caption_but_close.tga
ext=PNG
LastEdit1=30055600
LastEdit2=742895672
[time line os\w_caption_but_max.tga]
ReimportWhenNeeded=1
SourceFile=C:\Users\Public\Documents\Stardock\WindowBlinds\TIME LINE OS\TempPngs\w_caption_but_max.tga.PNG
ext=PNG
Name=w_caption_but_max
LastEdit1=30055600
LastEdit2=1140618421
[TIME LINE OS\w_caption_but_max.tga.tga]
ReimportWhenNeeded=1
SourceFile=C:\Users\madcat21\Pictures\new black wb\w_caption_but_max.tga.png
Name=w_caption_but_max.tga
ext=PNG
LastEdit1=30055600
LastEdit2=1421004458
[time line os\but_close.tga]
ReimportWhenNeeded=1
SourceFile=C:\Users\Public\Documents\Stardock\WindowBlinds\TIME LINE OS\TempPngs\but_close.tga.PNG
ext=PNG
Name=but_close
LastEdit1=30055604
LastEdit2=1053056861
[TIME LINE OS\but_close.tga.tga]
ReimportWhenNeeded=1
SourceFile=C:\Users\madcat21\Pictures\new black wb\but_close.tga.png
Name=but_close.tga
ext=PNG
LastEdit1=30055604
LastEdit2=1490551884
[time line os\logoff vista nonmal time.tga]
ReimportWhenNeeded=1
SourceFile=C:\Users\Public\Documents\Stardock\WindowBlinds\TIME LINE OS\TempPngs\logoff vista nonmal time.tga.PNG
ext=PNG
Name=logoff vista nonmal time
LastEdit1=30056314
LastEdit2=3877243383
[time line os\logoff_button_back.tga]
ReimportWhenNeeded=1
SourceFile=C:\Users\Public\Documents\Stardock\WindowBlinds\TIME LINE OS\TempPngs\logoff_button_back.tga.PNG
ext=PNG
Name=logoff_button_back
LastEdit1=30057009
LastEdit2=3146763279
[TIME LINE OS\logoff xp time.tga]
ReimportWhenNeeded=1
SourceFile=C:\Users\madcat21\Pictures\new black wb\logoff xp time.png
Name=logoff xp time
ext=PNG
LastEdit1=30057010
LastEdit2=3450188996
[TIME LINE OS\ShutdownButtons xp time.bmp]
ReimportWhenNeeded=1
SourceFile=C:\Users\madcat21\Pictures\new black wb\ShutdownButtons xp time.bmp
Name=ShutdownButtons xp time
ext=BMP
LastEdit1=30057012
LastEdit2=693608053
[TIME LINE OS\LogoffButtons 2 xp time.bmp]
ReimportWhenNeeded=1
SourceFile=C:\Users\madcat21\Pictures\new black wb\LogoffButtons 2 xp time.bmp
Name=LogoffButtons 2 xp time
ext=BMP
LastEdit1=30057012
LastEdit2=2318350983
[TIME LINE OS\sp top alien year.tga]
ReimportWhenNeeded=1
SourceFile=C:\Users\madcat21\Pictures\Alien year wb\sp top alien year.png
Name=sp top alien year
ext=PNG
LastEdit1=30061769
LastEdit2=3949845598
[TIME LINE OS\sp top glyph alien year.tga]
ReimportWhenNeeded=1
SourceFile=C:\Users\madcat21\Pictures\Alien year wb\sp top glyph alien year.png
Name=sp top glyph alien year
ext=PNG
LastEdit1=30061765
LastEdit2=3772992034
[TIME LINE OS\sp left alien year 2.tga]
ReimportWhenNeeded=1
SourceFile=C:\Users\madcat21\Pictures\Alien year wb\sp left alien year 2.png
Name=sp left alien year 2
ext=PNG
LastEdit1=30061769
LastEdit2=3080435870
[TIME LINE OS\sp right alien year 2.tga]
ReimportWhenNeeded=1
SourceFile=C:\Users\madcat21\Pictures\Alien year wb\sp right alien year 2.png
Name=sp right alien year 2
ext=PNG
LastEdit1=30061770
LastEdit2=169617743
[TIME LINE OS\sp all prog alien year 2.tga]
ReimportWhenNeeded=1
SourceFile=C:\Users\madcat21\Pictures\Alien year wb\sp all prog alien year 2.png
Name=sp all prog alien year 2
ext=PNG
LastEdit1=30061769
LastEdit2=2458210281
[TIME LINE OS\sp bottom new alien year.tga]
ReimportWhenNeeded=1
SourceFile=C:\Users\madcat21\Pictures\Alien year wb\sp bottom new alien year.png
Name=sp bottom new alien year
ext=PNG
LastEdit1=30061769
LastEdit2=1078381359
[TIME LINE OS\sp all prog alien year 22.tga]
ReimportWhenNeeded=1
SourceFile=C:\Users\madcat21\Pictures\Alien year wb\sp all prog alien year 22.png
Name=sp all prog alien year 22
ext=PNG
LastEdit1=30061811
LastEdit2=1547494766
[TIME LINE OS\frame top alien year.tga]
ReimportWhenNeeded=1
SourceFile=C:\Users\madcat21\Pictures\Alien year wb\frame top alien year.png
Name=frame top alien year
ext=PNG
LastEdit1=30061777
LastEdit2=1555485545
[TIME LINE OS\frame left alien year.tga]
ReimportWhenNeeded=1
SourceFile=C:\Users\madcat21\Pictures\Alien year wb\frame left alien year.png
Name=frame left alien year
ext=PNG
LastEdit1=30061775
LastEdit2=3227014426
[TIME LINE OS\frame right alien year.tga]
ReimportWhenNeeded=1
SourceFile=C:\Users\madcat21\Pictures\Alien year wb\frame right alien year.png
Name=frame right alien year
ext=PNG
LastEdit1=30061775
LastEdit2=3823388537
[TIME LINE OS\frame bottom alien year.tga]
ReimportWhenNeeded=1
SourceFile=C:\Users\madcat21\Pictures\Alien year wb\frame bottom alien year.png
Name=frame bottom alien year
ext=PNG
LastEdit1=30061775
LastEdit2=1876797198
[TIME LINE OS\frame top glyph year.tga]
ReimportWhenNeeded=1
SourceFile=C:\Users\madcat21\Pictures\Alien year wb\frame top glyph year.png
Name=frame top glyph year
ext=PNG
LastEdit1=30087905
LastEdit2=3312764591
[TIME LINE OS\taskbar alien year.tga]
ReimportWhenNeeded=1
SourceFile=C:\Users\madcat21\Pictures\Alien year wb\taskbar alien year.png
Name=taskbar alien year
ext=PNG
LastEdit1=30061779
LastEdit2=3546636156
[TIME LINE OS\start button alien year.tga]
ReimportWhenNeeded=1
SourceFile=C:\Users\madcat21\Pictures\Alien year wb\start button alien year.png
Name=start button alien year
ext=PNG
LastEdit1=30061772
LastEdit2=4238537196
[TIME LINE OS\logoff win7 alien year.tga]
ReimportWhenNeeded=1
SourceFile=C:\Users\madcat21\Pictures\Alien year wb\logoff win7 alien year.png
Name=logoff win7 alien year
ext=PNG
LastEdit1=30061809
LastEdit2=508068590
[TIME LINE OS\logoff arrow win7 alien year.tga]
ReimportWhenNeeded=1
SourceFile=C:\Users\madcat21\Pictures\Alien year wb\logoff arrow win7 alien year.png
Name=logoff arrow win7 alien year
ext=PNG
LastEdit1=30061816
LastEdit2=1702305431
[TIME LINE OS\spacer alien year.tga]
ReimportWhenNeeded=1
SourceFile=C:\Users\madcat21\Pictures\Alien year wb\spacer alien year.png
Name=spacer alien year
ext=PNG
LastEdit1=30061778
LastEdit2=1801187960
[time line os\close button single time.tga]
ReimportWhenNeeded=1
SourceFile=C:\Users\Public\Documents\Stardock\WindowBlinds\TIME LINE OS\TempPngs\close button single time.tga.PNG
ext=PNG
Name=close button single time
LastEdit1=30087911
LastEdit2=459161547
[time line os\min button time.tga]
ReimportWhenNeeded=1
SourceFile=C:\Users\Public\Documents\Stardock\WindowBlinds\TIME LINE OS\TempPngs\min button time.tga.PNG
ext=PNG
Name=min button time
LastEdit1=30087911
LastEdit2=2567282125
[TIME LINE OS\min button alien 2010.tga]
ReimportWhenNeeded=1
SourceFile=C:\Users\madcat21\Pictures\Alien year wb\min button alien 2010.png
Name=min button alien 2010
ext=PNG
LastEdit1=30087911
LastEdit2=3514716315
[TIME LINE OS\close button single alien 2010.tga]
ReimportWhenNeeded=1
SourceFile=C:\Users\madcat21\Pictures\Alien year wb\close button single alien 2010.png
Name=close button single alien 2010
ext=PNG
LastEdit1=30087912
LastEdit2=4006842825
[TIME LINE OS\tray alien 2010.tga]
ReimportWhenNeeded=1
SourceFile=C:\Users\madcat21\Pictures\Alien year wb\tray alien 2010.png
Name=tray alien 2010
ext=PNG
LastEdit1=30087914
LastEdit2=3386284055
[TIME LINE OS\tray arrows amp.tga]
ReimportWhenNeeded=1
SourceFile=C:\Users\madcat21\Pictures\amp\tray arrows amp.png
Name=tray arrows amp
ext=PNG
LastEdit1=30057155
LastEdit2=3806542410
[TIME LINE OS\tray arrows 2010.tga]
ReimportWhenNeeded=1
SourceFile=C:\Users\madcat21\Pictures\Alien year wb\tray arrows 2010.png
Name=tray arrows 2010
ext=PNG
LastEdit1=30087915
LastEdit2=2109839409
[TIME LINE OS\taskbar alien year new.tga]
ReimportWhenNeeded=1
SourceFile=C:\Users\madcat21\Pictures\Alien year wb\taskbar alien year new.png
Name=taskbar alien year new
ext=PNG
LastEdit1=30087915
LastEdit2=3553771997
[TIME LINE OS\alien head 21.tga]
ReimportWhenNeeded=1
SourceFile=C:\Users\madcat21\Pictures\alien head 21.png
Name=alien head 21
ext=PNG
LastEdit1=30039071
LastEdit2=652777984
[TIME LINE OS\alienware loading 2010.tga]
ReimportWhenNeeded=1
SourceFile=C:\Users\madcat21\Pictures\Alien year wb\alienware loading 2010.png
Name=alienware loading 2010
ext=PNG
LastEdit1=30087928
LastEdit2=1109880922
[time line os\active back time.tga]
ReimportWhenNeeded=1
SourceFile=C:\Users\Public\Documents\Stardock\WindowBlinds\TIME LINE OS\TempPngs\active back time.tga.PNG
ext=PNG
Name=active back time
LastEdit1=30087951
LastEdit2=1859316115
[TIME LINE OS\active back alien 2010.tga]
ReimportWhenNeeded=1
SourceFile=C:\Users\madcat21\Pictures\Alien year wb\active back alien 2010.png
Name=active back alien 2010
ext=PNG
LastEdit1=30087952
LastEdit2=1176595427
[time line os\taskbar buttons time.tga]
ReimportWhenNeeded=1
SourceFile=C:\Users\Public\Documents\Stardock\WindowBlinds\TIME LINE OS\TempPngs\taskbar buttons time.tga.PNG
ext=PNG
Name=taskbar buttons time
LastEdit1=30087954
LastEdit2=2697369135
[TIME LINE OS\taskbar buttons 2010.tga]
ReimportWhenNeeded=1
SourceFile=C:\Users\madcat21\Pictures\Alien year wb\taskbar buttons 2010.png
Name=taskbar buttons 2010
ext=PNG
LastEdit1=30087955
LastEdit2=175583259
